# envie deploy --env demo
#
# A real run of this example against AWS: four units in dependency order,
# each into its own state, in the Terraform workspace full-backend-demo.
# Torn down afterwards with envie delete --env demo.

🚀 Deploying 4 unit(s) to demo

[1/4] core
  📍 units/core
  💾 core/core/terraform.tfstate
  ⚡ terraform apply
  ✅ done

[2/4] db
  📍 units/db
  💾 db/db/terraform.tfstate
  ⚡ terraform apply
  ✅ done

[3/4] api
  📍 units/api
  💾 api/api/terraform.tfstate
  ⚡ terraform apply
  ✅ done

[4/4] stepfunctions
  📍 units/stepfunctions
  💾 stepfunctions/stepfunctions/terraform.tfstate
  ⚡ terraform apply
  ✅ done

✅ demo is deployed.
